------------------------------------------------------------
TimeQuest Timing Analyzer Summary
------------------------------------------------------------

Type  : Slow 1200mV 85C Model Setup 'pll0|altpll_component|pll|clk[0]'
Slack : 11.048
TNS   : 0.000

Type  : Slow 1200mV 85C Model Setup 'pll0|altpll_component|pll|clk[1]'
Slack : 11.049
TNS   : 0.000

Type  : Slow 1200mV 85C Model Hold 'pll0|altpll_component|pll|clk[0]'
Slack : 0.383
TNS   : 0.000

Type  : Slow 1200mV 85C Model Hold 'pll0|altpll_component|pll|clk[1]'
Slack : 1.259
TNS   : 0.000

Type  : Slow 1200mV 85C Model Minimum Pulse Width 'pll0|altpll_component|pll|clk[1]'
Slack : 49.699
TNS   : 0.000

Type  : Slow 1200mV 85C Model Minimum Pulse Width 'pll0|altpll_component|pll|clk[0]'
Slack : 49.701
TNS   : 0.000

Type  : Slow 1200mV 85C Model Minimum Pulse Width 'CLOCK_27'
Slack : 49.812
TNS   : 0.000

Type  : Slow 1200mV 0C Model Setup 'pll0|altpll_component|pll|clk[1]'
Slack : 12.118
TNS   : 0.000

Type  : Slow 1200mV 0C Model Setup 'pll0|altpll_component|pll|clk[0]'
Slack : 12.257
TNS   : 0.000

Type  : Slow 1200mV 0C Model Hold 'pll0|altpll_component|pll|clk[0]'
Slack : 0.335
TNS   : 0.000

Type  : Slow 1200mV 0C Model Hold 'pll0|altpll_component|pll|clk[1]'
Slack : 1.149
TNS   : 0.000

Type  : Slow 1200mV 0C Model Minimum Pulse Width 'pll0|altpll_component|pll|clk[1]'
Slack : 49.703
TNS   : 0.000

Type  : Slow 1200mV 0C Model Minimum Pulse Width 'pll0|altpll_component|pll|clk[0]'
Slack : 49.704
TNS   : 0.000

Type  : Slow 1200mV 0C Model Minimum Pulse Width 'CLOCK_27'
Slack : 49.789
TNS   : 0.000

Type  : Fast 1200mV 0C Model Setup 'pll0|altpll_component|pll|clk[1]'
Slack : 18.015
TNS   : 0.000

Type  : Fast 1200mV 0C Model Setup 'pll0|altpll_component|pll|clk[0]'
Slack : 18.065
TNS   : 0.000

Type  : Fast 1200mV 0C Model Hold 'pll0|altpll_component|pll|clk[0]'
Slack : 0.158
TNS   : 0.000

Type  : Fast 1200mV 0C Model Hold 'pll0|altpll_component|pll|clk[1]'
Slack : 0.562
TNS   : 0.000

Type  : Fast 1200mV 0C Model Minimum Pulse Width 'CLOCK_27'
Slack : 49.397
TNS   : 0.000

Type  : Fast 1200mV 0C Model Minimum Pulse Width 'pll0|altpll_component|pll|clk[0]'
Slack : 49.758
TNS   : 0.000

Type  : Fast 1200mV 0C Model Minimum Pulse Width 'pll0|altpll_component|pll|clk[1]'
Slack : 49.774
TNS   : 0.000

------------------------------------------------------------
